
$ git init
Initialized empty Git repository in A:/HCL Great Learning classes/devops/git basics/.git/

ksnas@Ashwin-Venkateshan MINGW64 /a/HCL Great Learning classes/devops/git basics (master)
$ git status
On branch master

No commits yet

Untracked files:
  (use "git add <file>..." to include in what will be committed)
        file 2.txt
        git class commands.txt

nothing added to commit but untracked files present (use "git add" to track)

ksnas@Ashwin-Venkateshan MINGW64 /a/HCL Great Learning classes/devops/git basics (master)
$ git add -A

ksnas@Ashwin-Venkateshan MINGW64 /a/HCL Great Learning classes/devops/git basics (master)
$ git status
On branch master

No commits yet

Changes to be committed:
  (use "git rm --cached <file>..." to unstage)
        new file:   file 2.txt
        new file:   file 3.txt
        new file:   file 4.txt
        new file:   git class commands.txt


ksnas@Ashwin-Venkateshan MINGW64 /a/HCL Great Learning classes/devops/git basics (master)
$ git commit -m"C1 commit"
[master (root-commit) 8bef814] C1 commit
 4 files changed, 0 insertions(+), 0 deletions(-)
 create mode 100644 file 2.txt
 create mode 100644 file 3.txt
 create mode 100644 file 4.txt
 create mode 100644 git class commands.txt

ksnas@Ashwin-Venkateshan MINGW64 /a/HCL Great Learning classes/devops/git basics (master)
$
